---
source: crates/triage-test-support/tests/terminal_acceptance.rs
assertion_line: 30
expression: snapshot
---
## resize_window_report (resize)
csi params=[[8], [40], [120]] intermediates="" ignore=false action='t'
print 'r'
print 'e'
print 's'
print 'i'
print 'z'
print 'e'
print 'd'

## late_attach_screen_reset (late_attach)
print 'b'
print 'e'
print 'f'
print 'o'
print 'r'
print 'e'
print ' '
print 'a'
print 't'
print 't'
print 'a'
print 'c'
print 'h'
execute CR
execute LF
csi params=[[2]] intermediates="" ignore=false action='J'
csi params=[[0]] intermediates="" ignore=false action='H'
print 'a'
print 'f'
print 't'
print 'e'
print 'r'
print ' '
print 'a'
print 't'
print 't'
print 'a'
print 'c'
print 'h'

## reconnect_alt_screen_boundary (reconnect)
print 'c'
print 'o'
print 'n'
print 'n'
print 'e'
print 'c'
print 't'
print 'e'
print 'd'
execute CR
execute LF
csi params=[[1049]] intermediates="?" ignore=false action='h'
print 's'
print 'c'
print 'r'
print 'e'
print 'e'
print 'n'
csi params=[[1049]] intermediates="?" ignore=false action='l'
print 'b'
print 'a'
print 'c'
print 'k'

## alt_screen_enter_exit (alt_screen)
print 'm'
print 'a'
print 'i'
print 'n'
csi params=[[1049]] intermediates="?" ignore=false action='h'
print 'a'
print 'l'
print 't'
csi params=[[2]] intermediates="" ignore=false action='J'
csi params=[[0]] intermediates="" ignore=false action='H'
print 'i'
print 'n'
print 's'
print 'i'
print 'd'
print 'e'
csi params=[[1049]] intermediates="?" ignore=false action='l'
print 'm'
print 'a'
print 'i'
print 'n'

## bracketed_paste_round_trip (bracketed_paste)
csi params=[[2004]] intermediates="?" ignore=false action='h'
csi params=[[200]] intermediates="" ignore=false action='~'
print 'p'
print 'a'
print 's'
print 't'
print 'e'
print 'd'
execute CR
execute LF
print 't'
print 'e'
print 'x'
print 't'
csi params=[[201]] intermediates="" ignore=false action='~'
csi params=[[2004]] intermediates="?" ignore=false action='l'

## sgr_mouse_press_release (mouse_reporting)
csi params=[[1000]] intermediates="?" ignore=false action='h'
csi params=[[1006]] intermediates="?" ignore=false action='h'
csi params=[[0], [12], [5]] intermediates="<" ignore=false action='M'
csi params=[[0], [12], [5]] intermediates="<" ignore=false action='m'
csi params=[[1006]] intermediates="?" ignore=false action='l'
csi params=[[1000]] intermediates="?" ignore=false action='l'

## scroll_region_reset (scroll_regions)
csi params=[[2], [5]] intermediates="" ignore=false action='r'
print 'o'
print 'n'
print 'e'
execute CR
execute LF
print 't'
print 'w'
print 'o'
execute CR
execute LF
print 't'
print 'h'
print 'r'
print 'e'
print 'e'
csi params=[[0]] intermediates="" ignore=false action='r'

## chunked_replay_matches_contiguous_stream (replay)
print 'o'
print 'n'
print 'e'
execute CR
execute LF
csi params=[[31]] intermediates="" ignore=false action='m'
print 't'
print 'w'
print 'o'
csi params=[[0]] intermediates="" ignore=false action='m'
execute CR
execute LF
print 't'
print 'h'
print 'r'
print 'e'
print 'e'

## log_tee_preserves_raw_bytes (log_tee)
print 'r'
print 'a'
print 'w'
execute 0x00
print 'b'
print 'y'
print 't'
print 'e'
print 's'
csi params=[[31]] intermediates="" ignore=false action='m'
print 'r'
print 'e'
print 'd'
csi params=[[0]] intermediates="" ignore=false action='m'
execute CR
execute LF
